=== A. 입력 기상에 따른 성능 (테스트 2025-09~2026-08) ===
  관측 기상(검증 조건):   mean_error=8.29%  pass8=0.579
  하루 전 예보(서빙 조건): mean_error=9.85%  pass8=0.488
  월별 obs/d1: 25-09:10.53/12.1 25-10:8.71/11.48 25-11:6.91/7.87 25-12:9.45/10.44 26-01:8.14/9.28 26-02:7.99/10.15 26-03:7.64/9.69 26-04:7.9/9.25 26-05:7.17/8.77 26-06:7.4/9.1 26-07:9.37/10.37 26-08:8.4/9.93

=== B. 발전소별 월별 PR 중앙값 (1.0 = 기상 기대치와 일치) - 테스트 기간 ===
  plant           25-09 25-10 25-11 25-12 26-01 26-02 26-03 26-04 26-05 26-06 26-07 26-08
  doosan_1         0.85  0.97  1.14  1.15  1.01  0.98  0.95  1.02  0.90  1.01  0.99  0.99
  gumi_1           1.04  1.00  0.95  0.98  0.92  0.91  0.95  1.02  0.99  1.00  1.05  1.07
  gwangyang_1      0.35  0.29  0.91  0.87  0.92  0.88  1.05  1.18  1.18  1.22  1.15  1.09
  gyeongsang_1     0.93  1.01  0.98  0.97  0.94  0.92  0.97  1.03  1.02  1.03  1.01  0.98
  samcheonpo_2     1.10  1.07  1.05  0.60  0.90  1.00  1.01  1.10  1.05  1.05  0.98  1.03
  samcheonpo_3     0.98  1.08  1.01  0.84  0.85  0.99  0.99  1.05  1.01  0.99  0.94  0.98
  yecheon_1        1.05  1.03  1.03  1.02  0.99  0.95  0.96  1.05  0.99  1.02  1.00  1.07
  yeongheung5_1    1.03  1.05  1.03  0.99  1.01  0.99  0.96  0.94  0.95  0.89  0.68  0.64
  yeongheung_1     0.97  0.98  1.03  0.91  0.98  0.97  0.78  1.01  0.97  0.96  0.83  0.85
  yeongheung_2     1.06  1.02  0.99  0.95  0.92  0.71  0.97  1.02  1.01  0.97  1.00  0.86
  동시성(PR<0.9 / >1.1 발전소 수): 25-09:2/0(med 1.003) 25-10:1/0(med 1.014) 25-11:0/1(med 1.02) 25-12:3/1(med 0.96) 26-01:2/0(med 0.93) 26-02:2/0(med 0.96) 26-03:1/0(med 0.966) 26-04:0/1(med 1.026) 26-05:1/1(med 0.999) 26-06:1/1(med 1.004) 26-07:2/1(med 0.994) 26-08:3/0(med 0.986)

=== C. 영흥 저성능 구간 해부 (2026-05-01 ~ 2026-08-31) ===
  yeongheung5_1: 변화점 2026-05-06 (PR 1.049 -> 0.776), 2025-08 피크 이용률 0.838 -> 2026-08 0.779, 2026-08 0kWh 일수 2
     시간대별 실제/기대 2025-08: 8:0.88 9:0.99 10:1.05 11:1.06 12:1.06 13:1.04 14:1.0 15:0.97 16:0.94 17:0.98 18:0.98
     시간대별 실제/기대 2026-08: 8:0.6 9:0.64 10:0.68 11:0.65 12:0.61 13:0.63 14:0.63 15:0.63 16:0.66 17:0.7 18:0.71
  yeongheung_1: 변화점 2026-05-06 (PR 1.168 -> 0.844), 2025-08 피크 이용률 0.791 -> 2026-08 0.766, 2026-08 0kWh 일수 0
     시간대별 실제/기대 2025-08: 8:0.6 9:0.84 10:0.99 11:0.96 12:1.03 13:0.99 14:1.03 15:0.99 16:0.98 17:1.0 18:0.99
     시간대별 실제/기대 2026-08: 8:0.63 9:0.8 10:0.88 11:0.83 12:0.8 13:0.83 14:0.84 15:0.84 16:0.92 17:0.92 18:0.9
  yeongheung_2: 변화점 2026-05-06 (PR 1.175 -> 0.941), 2025-08 피크 이용률 0.794 -> 2026-08 0.714, 2026-08 0kWh 일수 0
     시간대별 실제/기대 2025-08: 8:0.49 9:0.96 10:1.12 11:1.14 12:1.12 13:1.16 14:1.15 15:1.12 16:1.13 17:1.06 18:0.95
     시간대별 실제/기대 2026-08: 8:0.4 9:0.74 10:0.91 11:0.89 12:0.84 13:0.88 14:0.9 15:0.88 16:0.94 17:0.88 18:0.83

-> team_solar/experiments/drift_analysis.json
-> team_solar/experiments/pr_daily_test.json
