발전소 23곳, 기간 2023-01-01 ~ 2026-08-31 (1339일)

발전소                 호기    일수   0kWh일     추정용량kW    평균CF
경상대태양광               1  1339      50        697   16.5%  
고흥만 수상태양광            1  1096       4      57485   17.6%  (기간 부족 -> 제외)
광양항세방태양광             1  1339      38       2302   15.5%  
구미태양광                1  1339      29        816   16.1%  
두산엔진MG태양광            1  1339       0         97   10.4%  
삼천포태양광               1  1339      82         60   12.6%  
삼천포태양광               2  1339      19        847   16.5%  
삼천포태양광               3  1339       9        294   16.2%  
삼천포태양광               4  1339      31       1588   14.5%  
삼천포태양광#5             1  1339      28       3620   15.8%  
삼천포태양광#5             2  1339      28       6106   16.4%  
삼천포태양광#6             1  1339     373        799   11.4%  
여수태양광                1  1190       9       1601    1.4%  (기간 부족 -> 제외)
영동태양광                1  1339      26        930   15.5%  
영흥태양광                1  1339      51        838   15.2%  
영흥태양광                2  1339      18        809   14.3%  
영흥태양광 #3             1  1339      46       2825   11.6%  
영흥태양광 #3             2  1339      30       1132   11.4%  
영흥태양광 #3             3  1339      38       1235   13.1%  
영흥태양광#5              1  1339      34       3233   16.4%  
예천태양광                1  1338     103       1714   14.7%  
탑선태양광                1  1339       9       2248    2.1%  
탑선태양광                3  1339       0       8680    0.3%  

학습에 쓰는 발전소: 18곳 -> data/all_plants_daily.csv 저장

A single   : train 960 seq
B pooled   : train 17280 seq (18곳)
C pooled+ft: fine-tune 104 seq (최근 90일)
D holdout  : train 16320 seq (광양항 제외)

==== 삼천포 2호기 테스트 nRMSE (2025-09 ~ 2026-08, 용량x24 대비 %) ====
  persistence(전날 그대로)      8.11%
  A. 단일 모델                   6.55%
  B. 통합 모델                   6.64%
  C. 통합 + 삼천포 fine-tune     6.74%

==== 발전소별: 통합 모델 vs persistence ====
  경상대태양광#1               pooled  6.24%   persistence  7.89%
  광양항세방태양광#1             pooled  6.18%   persistence  7.45%
  구미태양광#1                pooled  6.35%   persistence  7.88%
  두산엔진MG태양광#1            pooled  3.75%   persistence  4.67%
  삼천포태양광#2               pooled  6.64%   persistence  8.11%
  삼천포태양광#3               pooled  6.45%   persistence  8.10%
  삼천포태양광#4               pooled  6.21%   persistence  7.56%
  삼천포태양광#5#1             pooled  6.75%   persistence  8.24%
  삼천포태양광#5#2             pooled  6.92%   persistence  8.25%
  영동태양광#1                pooled  6.78%   persistence  7.92%
  영흥태양광#1                pooled  6.21%   persistence  7.39%
  영흥태양광#2                pooled  5.99%   persistence  7.21%
  영흥태양광 #3#1             pooled  5.91%   persistence  6.95%
  영흥태양광 #3#2             pooled  4.99%   persistence  6.24%
  영흥태양광 #3#3             pooled  6.53%   persistence  7.61%
  영흥태양광#5#1              pooled  6.76%   persistence  8.16%
  탑선태양광#1                pooled  1.07%   persistence  0.05%
  탑선태양광#3                pooled  1.11%   persistence  0.01%

==== 신규 발전소 시나리오 (광양항세방을 학습에서 뺀 통합 모델) ====
  미학습 발전소 예측 6.45%   vs 전체 학습 6.18%   vs persistence 7.45%

-> experiments/pooled_vs_single_results.json
